IDLE_EXPIRE uid=uKkE1T20RuNtgrd5dipz723Dpw93 created=1763525356 last=1763525356 now=1763577829
IDLE_EXPIRE uid=uKkE1T20RuNtgrd5dipz723Dpw93 created=1763580257 last=1763580257 now=1763583258
IDLE_EXPIRE uid=h6MfcpFS3YY8X2aija2z1jAXPmz1 created=1763666309 last=1763666802 now=1763668758
IDLE_EXPIRE uid=h6MfcpFS3YY8X2aija2z1jAXPmz1 created=1763668765 last=1763669720 now=1763678320
IDLE_EXPIRE uid=h6MfcpFS3YY8X2aija2z1jAXPmz1 created=1763679048 last=1763679048 now=1763751952
ABS_EXPIRE uid=u1 created=1763762991 last=None now=1763763991
IDLE_EXPIRE uid=kjxByoUzBEUarw86ltZfeCFNgI72 created=1763846034 last=1763848633 now=1763854247
IDLE_EXPIRE uid=kjxByoUzBEUarw86ltZfeCFNgI72 created=1763854349 last=1763854349 now=1763856721
ABS_EXPIRE uid=u1 created=1763918611 last=None now=1763919611
ABS_EXPIRE uid=u1 created=1763918789 last=None now=1763919789
ABS_EXPIRE uid=u1 created=1763918967 last=None now=1763919967
ABS_EXPIRE uid=u1 created=1763919057 last=None now=1763920057
IDLE_EXPIRE uid=kjxByoUzBEUarw86ltZfeCFNgI72 created=1763858577 last=1763861816 now=1763920704
IDLE_EXPIRE uid=3AxObXsY7fPvFx9pIX3v4chmH9n1 created=1763920742 last=1763921657 now=1764005052
ABS_EXPIRE uid=u1 created=1764004834 last=None now=1764005834
ABS_EXPIRE uid=u1 created=1764007056 last=None now=1764008056
IDLE_EXPIRE uid=uKkE1T20RuNtgrd5dipz723Dpw93 created=1764005121 last=1764005121 now=1764008256
IDLE_EXPIRE uid=uKkE1T20RuNtgrd5dipz723Dpw93 created=1764182366 last=1764182426 now=1764185545
IDLE_EXPIRE uid=uKkE1T20RuNtgrd5dipz723Dpw93 created=1764185604 last=1764186208 now=1764188060
IDLE_EXPIRE uid=uKkE1T20RuNtgrd5dipz723Dpw93 created=1764009646 last=1764009957 now=1764212604
IDLE_EXPIRE uid=uKkE1T20RuNtgrd5dipz723Dpw93 created=1764214327 last=1764214387 now=1764218313
IDLE_EXPIRE uid=uKkE1T20RuNtgrd5dipz723Dpw93 created=1764218359 last=1764220486 now=1764383539
IDLE_EXPIRE uid=aFMGGx5f4NXeaPpYEMsEJJkZPpC3 created=1764386104 last=1764386481 now=1764390221
IDLE_EXPIRE uid=aFMGGx5f4NXeaPpYEMsEJJkZPpC3 created=1764391503 last=1764391713 now=1764394194
IDLE_EXPIRE uid=aFMGGx5f4NXeaPpYEMsEJJkZPpC3 created=1764386169 last=1764386169 now=1764397094
IDLE_EXPIRE uid=2wdy04CBTgWkBtPx7jVLU3ibGBg2 created=1764402537 last=1764402812 now=1764429310
IDLE_EXPIRE uid=aFMGGx5f4NXeaPpYEMsEJJkZPpC3 created=1764382373 last=1764382990 now=1764436572
IDLE_EXPIRE uid=aFMGGx5f4NXeaPpYEMsEJJkZPpC3 created=1764433088 last=1764433286 now=1764439685
IDLE_EXPIRE uid=aFMGGx5f4NXeaPpYEMsEJJkZPpC3 created=1764439710 last=1764439853 now=1764442400
IDLE_EXPIRE uid=aFMGGx5f4NXeaPpYEMsEJJkZPpC3 created=1764437462 last=1764439012 now=1764443619
ABS_EXPIRE uid=u1 created=1764455018 last=None now=1764456018
ABS_EXPIRE uid=u1 created=1764456737 last=None now=1764457737
ABS_EXPIRE uid=u1 created=1764458307 last=None now=1764459307
IDLE_EXPIRE uid=u1 created=None last=1764455925 now=1764459525
IDLE_EXPIRE uid=u1 created=None last=1764455993 now=1764459593
ABS_EXPIRE uid=u1 created=1764455993 last=None now=1764459593
ABS_EXPIRE uid=u1 created=1764458593 last=None now=1764459593
IDLE_EXPIRE uid=u1 created=None last=1764456248 now=1764459848
ABS_EXPIRE uid=u1 created=1764456248 last=None now=1764459848
ABS_EXPIRE uid=u1 created=1764458848 last=None now=1764459848
IDLE_EXPIRE uid=u1 created=None last=1764456672 now=1764460272
ABS_EXPIRE uid=u1 created=1764456672 last=None now=1764460272
ABS_EXPIRE uid=u1 created=1764459272 last=None now=1764460272
IDLE_EXPIRE uid=u1 created=None last=1764456959 now=1764460559
ABS_EXPIRE uid=u1 created=1764456959 last=None now=1764460559
ABS_EXPIRE uid=u1 created=1764459559 last=None now=1764460559
IDLE_EXPIRE uid=u1 created=None last=1764457341 now=1764460941
ABS_EXPIRE uid=u1 created=1764457341 last=None now=1764460941
ABS_EXPIRE uid=u1 created=1764459941 last=None now=1764460941
IDLE_EXPIRE uid=u1 created=None last=1764457784 now=1764461384
ABS_EXPIRE uid=u1 created=1764457784 last=None now=1764461384
ABS_EXPIRE uid=u1 created=1764460384 last=None now=1764461384
IDLE_EXPIRE uid=u1 created=None last=1764458064 now=1764461664
ABS_EXPIRE uid=u1 created=1764458064 last=None now=1764461664
ABS_EXPIRE uid=u1 created=1764460664 last=None now=1764461664
IDLE_EXPIRE uid=u1 created=None last=1764458334 now=1764461934
ABS_EXPIRE uid=u1 created=1764458334 last=None now=1764461934
ABS_EXPIRE uid=u1 created=1764460934 last=None now=1764461934
IDLE_EXPIRE uid=u1 created=None last=1764459138 now=1764462738
ABS_EXPIRE uid=u1 created=1764459138 last=None now=1764462738
ABS_EXPIRE uid=u1 created=1764461738 last=None now=1764462738
IDLE_EXPIRE uid=u1 created=None last=1764460100 now=1764463700
ABS_EXPIRE uid=u1 created=1764460100 last=None now=1764463700
ABS_EXPIRE uid=u1 created=1764462700 last=None now=1764463700
IDLE_EXPIRE uid=u1 created=None last=1764460180 now=1764463780
ABS_EXPIRE uid=u1 created=1764460180 last=None now=1764463780
ABS_EXPIRE uid=u1 created=1764462780 last=None now=1764463780
IDLE_EXPIRE uid=u1 created=None last=1764460243 now=1764463843
ABS_EXPIRE uid=u1 created=1764460243 last=None now=1764463843
ABS_EXPIRE uid=u1 created=1764462843 last=None now=1764463843
IDLE_EXPIRE uid=u1 created=None last=1764460310 now=1764463910
ABS_EXPIRE uid=u1 created=1764460310 last=None now=1764463910
ABS_EXPIRE uid=u1 created=1764462910 last=None now=1764463910
IDLE_EXPIRE uid=u1 created=None last=1764460631 now=1764464231
ABS_EXPIRE uid=u1 created=1764460631 last=None now=1764464231
ABS_EXPIRE uid=u1 created=1764463231 last=None now=1764464231
IDLE_EXPIRE uid=u1 created=None last=1764461020 now=1764464620
ABS_EXPIRE uid=u1 created=1764461020 last=None now=1764464620
ABS_EXPIRE uid=u1 created=1764463620 last=None now=1764464620
IDLE_EXPIRE uid=u1 created=None last=1764461215 now=1764464815
ABS_EXPIRE uid=u1 created=1764461215 last=None now=1764464815
ABS_EXPIRE uid=u1 created=1764463815 last=None now=1764464815
IDLE_EXPIRE uid=u1 created=None last=1764461479 now=1764465079
ABS_EXPIRE uid=u1 created=1764461479 last=None now=1764465079
ABS_EXPIRE uid=u1 created=1764464079 last=None now=1764465079
IDLE_EXPIRE uid=u1 created=None last=1764461705 now=1764465305
ABS_EXPIRE uid=u1 created=1764461705 last=None now=1764465305
ABS_EXPIRE uid=u1 created=1764464305 last=None now=1764465305
IDLE_EXPIRE uid=u1 created=None last=1764462004 now=1764465604
ABS_EXPIRE uid=u1 created=1764462004 last=None now=1764465604
ABS_EXPIRE uid=u1 created=1764464604 last=None now=1764465604
IDLE_EXPIRE uid=u1 created=None last=1764462189 now=1764465789
ABS_EXPIRE uid=u1 created=1764462189 last=None now=1764465789
ABS_EXPIRE uid=u1 created=1764464789 last=None now=1764465789
IDLE_EXPIRE uid=u1 created=None last=1764462263 now=1764465863
ABS_EXPIRE uid=u1 created=1764462263 last=None now=1764465863
ABS_EXPIRE uid=u1 created=1764464863 last=None now=1764465863
IDLE_EXPIRE uid=u1 created=None last=1764462401 now=1764466001
ABS_EXPIRE uid=u1 created=1764462401 last=None now=1764466001
ABS_EXPIRE uid=u1 created=1764465001 last=None now=1764466001
IDLE_EXPIRE uid=u1 created=None last=1764462467 now=1764466067
ABS_EXPIRE uid=u1 created=1764462467 last=None now=1764466067
ABS_EXPIRE uid=u1 created=1764465067 last=None now=1764466067
IDLE_EXPIRE uid=u1 created=None last=1764462545 now=1764466145
ABS_EXPIRE uid=u1 created=1764462545 last=None now=1764466145
ABS_EXPIRE uid=u1 created=1764465145 last=None now=1764466145
IDLE_EXPIRE uid=u1 created=None last=1764462677 now=1764466277
ABS_EXPIRE uid=u1 created=1764462677 last=None now=1764466277
ABS_EXPIRE uid=u1 created=1764465277 last=None now=1764466277
IDLE_EXPIRE uid=u1 created=None last=1764462947 now=1764466547
ABS_EXPIRE uid=u1 created=1764462947 last=None now=1764466547
ABS_EXPIRE uid=u1 created=1764465547 last=None now=1764466547
IDLE_EXPIRE uid=u1 created=None last=1764463590 now=1764467190
ABS_EXPIRE uid=u1 created=1764463590 last=None now=1764467190
ABS_EXPIRE uid=u1 created=1764466190 last=None now=1764467190
IDLE_EXPIRE uid=u1 created=None last=1764464238 now=1764467838
ABS_EXPIRE uid=u1 created=1764464238 last=None now=1764467838
ABS_EXPIRE uid=u1 created=1764466838 last=None now=1764467838
IDLE_EXPIRE uid=u1 created=None last=1764464871 now=1764468471
ABS_EXPIRE uid=u1 created=1764464871 last=None now=1764468471
ABS_EXPIRE uid=u1 created=1764467471 last=None now=1764468471
IDLE_EXPIRE uid=u1 created=None last=1764465733 now=1764469333
ABS_EXPIRE uid=u1 created=1764465733 last=None now=1764469333
ABS_EXPIRE uid=u1 created=1764468333 last=None now=1764469333
IDLE_EXPIRE uid=u1 created=None last=1764466027 now=1764469627
ABS_EXPIRE uid=u1 created=1764466027 last=None now=1764469627
ABS_EXPIRE uid=u1 created=1764468627 last=None now=1764469627
IDLE_EXPIRE uid=u1 created=None last=1764466202 now=1764469802
ABS_EXPIRE uid=u1 created=1764466202 last=None now=1764469802
ABS_EXPIRE uid=u1 created=1764468802 last=None now=1764469802
IDLE_EXPIRE uid=u1 created=None last=1764466417 now=1764470017
ABS_EXPIRE uid=u1 created=1764466417 last=None now=1764470017
ABS_EXPIRE uid=u1 created=1764469017 last=None now=1764470017
IDLE_EXPIRE uid=u1 created=None last=1764466622 now=1764470222
ABS_EXPIRE uid=u1 created=1764466622 last=None now=1764470222
ABS_EXPIRE uid=u1 created=1764469222 last=None now=1764470222
IDLE_EXPIRE uid=u1 created=None last=1764466838 now=1764470438
ABS_EXPIRE uid=u1 created=1764466838 last=None now=1764470438
ABS_EXPIRE uid=u1 created=1764469438 last=None now=1764470438
IDLE_EXPIRE uid=u1 created=None last=1764467051 now=1764470651
ABS_EXPIRE uid=u1 created=1764467051 last=None now=1764470651
ABS_EXPIRE uid=u1 created=1764469651 last=None now=1764470651
IDLE_EXPIRE uid=u1 created=None last=1764467198 now=1764470798
ABS_EXPIRE uid=u1 created=1764467198 last=None now=1764470798
ABS_EXPIRE uid=u1 created=1764469798 last=None now=1764470798
IDLE_EXPIRE uid=u1 created=None last=1764467711 now=1764471311
ABS_EXPIRE uid=u1 created=1764467711 last=None now=1764471311
ABS_EXPIRE uid=u1 created=1764470311 last=None now=1764471311
IDLE_EXPIRE uid=u1 created=None last=1764468168 now=1764471768
ABS_EXPIRE uid=u1 created=1764468169 last=None now=1764471769
ABS_EXPIRE uid=u1 created=1764470769 last=None now=1764471769
IDLE_EXPIRE uid=u1 created=None last=1764468663 now=1764472263
ABS_EXPIRE uid=u1 created=1764468663 last=None now=1764472263
ABS_EXPIRE uid=u1 created=1764471264 last=None now=1764472264
